Error: segmentation violation
   rax 0000000000000000, rbx ffffffffffffffff, rcx ffffffffffffffff
   rdx 0000000000004af7, rsp 00007ffd61c469c8, rbp 00007ffd61c46f40
   rsi 000000000000000b, rdi 0000000000004af7, r8  00002b6f33623300
   r9  0000000000000000, r10 00007ffd61c46750, r11 0000000000000202
   r12 0000000000000000, r13 0000000000000000, r14 00007ffd61c46f88
   r15 00000000000003e6
  --- traceback not available
